C51 COMPILER V9.00   UART                                                                  12/29/2018 16:41:44 PAGE 1   


C51 COMPILER V9.00, COMPILATION OF MODULE UART
OBJECT MODULE PLACED IN uart.OBJ
COMPILER INVOKED BY: C:\Keil\C51\BIN\C51.EXE uart.c LARGE OPTIMIZE(8,SPEED) BROWSE DEBUG OBJECTEXTEND TABS(2)

line level    source

   1          #include"STC12C5A.h"
   2          #include "uart.h"
   3          #define S2RI 0X01
   4          #define S2TI 0X02
   5          
   6          void UART1_Send(uchar *send_buf,uchar data_len)
   7          {
   8   1        while(data_len--)
   9   1        {
  10   2         SBUF = *send_buf;
  11   2         while(TI == 0);
  12   2         TI=0;
  13   2         send_buf++;
  14   2        } 
  15   1      }
  16          
  17          void UART2_Send(uchar *send_buf,uchar data_len)
  18          {
  19   1        
  20   1        while(data_len--)
  21   1        {
  22   2         S2BUF = *send_buf; 
  23   2         while(( S2CON & S2TI )==0);//等待数据发送完成，硬置位S2TI     
  24   2         S2CON &= ~S2TI;  //清除置位，以便发送下一数据
  25   2         send_buf++;
  26   2        }
  27   1         
  28   1      }
  29          
  30           
  31          
  32          void UART1_Init()
  33          {
  34   1          SCON = 0x50;//串口工作方式1,允许接收（SCON = 0x40时禁止接收）
  35   1          //PCON = 0x80;//波特率(倍频)
  36   1          TMOD = 0x20;//定时器1工作方式2
  37   1          AUXR |= 0X40;//定时器1工作在1T模式，为全速,(掉为12T模式)
  38   1          //TH1 = 0xDC; //9600 
  39   1          //TH1 = 0xFD; //115200  
  40   1          TH1 = 0xf7; //定时器初值高8位设置38400
  41   1          TL1 = TH1;  //定时器初值低8位设置
  42   1          EA = 1; //允许总中断 
  43   1          ES = 1; //允许UART串口的中断
  44   1          TR1 = 1;  //定时器启动   
  45   1      
  46   1      }
  47          
  48          void UART2_Init()
  49          {
  50   1        //AUXR1=0X10;//TXD2由P1.3转到P4.3口,RXD2由P1.2转到P4.2口
  51   1        IPH2=0x01;
  52   1        IP2=0x01;
  53   1        S2CON=0X50;//选择工作方式1，允许接收数据
  54   1        BRT = 0xf7;//38400
  55   1         //BRT = 0xdc;//9600
C51 COMPILER V9.00   UART                                                                  12/29/2018 16:41:44 PAGE 2   

  56   1        //BRT = 0xFd;//115200
  57   1        EA = 1; //允许总中断  
  58   1        AUXR |= 0x14;//(1T模式),启动发生器工作,0X1c波特率加倍，如0x14为不加倍
  59   1        //AUXR |= 0X18;//(12T模式),启动发生器工作,波特率加倍，如0x10为不加倍
  60   1        IE2=0x01;//允许串口2中断 
  61   1      
  62   1      }
  63          


MODULE INFORMATION:   STATIC OVERLAYABLE
   CODE SIZE        =     98    ----
   CONSTANT SIZE    =   ----    ----
   XDATA SIZE       =   ----    ----
   PDATA SIZE       =   ----    ----
   DATA SIZE        =   ----    ----
   IDATA SIZE       =   ----    ----
   BIT SIZE         =   ----    ----
END OF MODULE INFORMATION.


C51 COMPILATION COMPLETE.  0 WARNING(S),  0 ERROR(S)
